GAMS 24.9.2  r64480 Released Nov 14, 2017 WEX-WEI x86 64bit/MS Windows 08/07/20 11:02:25 Page 1
G e n e r a l   A l g e b r a i c   M o d e l i n g   S y s t e m
C o m p i l a t i o n


   1  parameters       CONVOLDqctn, import_store_power_cap_at_grid, Prescriptive
      BuildsNonQn, PrescriptiveBuildsnqct,
   2                   PrescriptiveBuildsStorage, PrescriptiveBuildsWind, NukeRe
      fRetireYear, Nuke60RetireYear,
   3                   Nuke80RetireYear, NukeRefRetireYear, NukeEarlyRetireYear,
       PrescriptiveRet,
   4                   tmpCSPOct, tmpDUPVOn, tmpUPVOn, tmpWTOi, WindRetireExisti
      ng, WindRetirePrescribed;
   5   
GDXIN   C:\Users\CMARCY\Documents\ReEDS_plantfile\needs_project\creating_gdx_fil
        es\CONVOLDqctn.gdx
--- LOAD  CONVOLDqctn = 1:d
   9   
GDXIN   C:\Users\CMARCY\Documents\ReEDS_plantfile\needs_project\creating_gdx_fil
        es\import_store_power_cap_at_grid.gdx
--- LOAD  import_store_power_cap_at_grid = 1:d
  13   
GDXIN   C:\Users\CMARCY\Documents\ReEDS_plantfile\needs_project\creating_gdx_fil
        es\PrescriptiveBuildsNonQn.gdx
--- LOAD  PrescriptiveBuildsNonQn = 1:d
  17   
GDXIN   C:\Users\CMARCY\Documents\ReEDS_plantfile\needs_project\creating_gdx_fil
        es\PrescriptiveBuildsnqct.gdx
--- LOAD  PrescriptiveBuildsnqct = 1:d
  21   
GDXIN   C:\Users\CMARCY\Documents\ReEDS_plantfile\needs_project\creating_gdx_fil
        es\PrescriptiveBuildsStorage.gdx
--- LOAD  PrescriptiveBuildsStorage = 1:d
  25   
GDXIN   C:\Users\CMARCY\Documents\ReEDS_plantfile\needs_project\creating_gdx_fil
        es\PrescriptiveBuildsWind.gdx
--- LOAD  PrescriptiveBuildsWind = 1:d
  29   
GDXIN   C:\Users\CMARCY\Documents\ReEDS_plantfile\needs_project\creating_gdx_fil
        es\Nuke60RetireYear.gdx
--- LOAD  Nuke60RetireYear = 1:d
  33   
GDXIN   C:\Users\CMARCY\Documents\ReEDS_plantfile\needs_project\creating_gdx_fil
        es\Nuke80RetireYear.gdx
--- LOAD  Nuke80RetireYear = 1:d
  37   
GDXIN   C:\Users\CMARCY\Documents\ReEDS_plantfile\needs_project\creating_gdx_fil
        es\NukeRefRetireYear.gdx
--- LOAD  NukeRefRetireYear = 1:d
  41   
GDXIN   C:\Users\CMARCY\Documents\ReEDS_plantfile\needs_project\creating_gdx_fil
        es\NukeEarlyRetireYear.gdx
--- LOAD  NukeEarlyRetireYear = 1:d
  45   
GDXIN   C:\Users\CMARCY\Documents\ReEDS_plantfile\needs_project\creating_gdx_fil
        es\PrescriptiveRet.gdx
--- LOAD  PrescriptiveRet = 1:d
  49   
GDXIN   C:\Users\CMARCY\Documents\ReEDS_plantfile\needs_project\creating_gdx_fil
        es\WindRetireExisting.gdx
--- LOAD  WindRetireExisting = 1:d
  53   
GDXIN   C:\Users\CMARCY\Documents\ReEDS_plantfile\needs_project\creating_gdx_fil
        es\WindRetirePrescribed.gdx
--- LOAD  WindRetirePrescribed = 1:d
  57   
GDXIN   C:\Users\CMARCY\Documents\ReEDS_plantfile\needs_project\creating_gdx_fil
        es\tmpCSPOct.gdx
--- LOAD  tmpCSPOct = 1:d
  61   
GDXIN   C:\Users\CMARCY\Documents\ReEDS_plantfile\needs_project\creating_gdx_fil
        es\tmpDUPVOn.gdx
--- LOAD  tmpDUPVOn = 1:d
  65   
GDXIN   C:\Users\CMARCY\Documents\ReEDS_plantfile\needs_project\creating_gdx_fil
        es\tmpUPVOn.gdx
--- LOAD  tmpUPVOn = 1:d
  69   
GDXIN   C:\Users\CMARCY\Documents\ReEDS_plantfile\needs_project\creating_gdx_fil
        es\tmpWTOi.gdx
--- LOAD  tmpWTOi = 1:d
  73   
  74  execute_unload 'ExistingUnits_EIA-NEMS.gdx' tmpCSPOct, tmpDUPVOn, tmpUPVOn
      , tmpWTOi, CONVOLDqctn, import_store_power_cap_at_grid ;
  75   
  76  execute_unload 'PrescriptiveBuilds_EIA-NEMS.gdx' PrescriptiveBuildsStorage
      , PrescriptiveBuildsnqct, PrescriptiveBuildsNonQn, PrescriptiveBuildsWind 
      ;
  77   
  78  execute_unload 'PrescriptiveRetirements_EIA-NEMS.gdx' Nuke60RetireYear, Nu
      ke80RetireYear, NukeRefRetireYear, NukeEarlyRetireYear, PrescriptiveRet, W
      indRetireExisting, WindRetirePrescribed ;
GAMS 24.9.2  r64480 Released Nov 14, 2017 WEX-WEI x86 64bit/MS Windows 08/07/20 11:02:25 Page 2
G e n e r a l   A l g e b r a i c   M o d e l i n g   S y s t e m
Include File Summary


   SEQ   GLOBAL TYPE      PARENT   LOCAL  FILENAME

     1        1 INPUT          0       0  C:\Users\CMARCY\Documents\ReEDS_plantf
                                          ile\needs_project\creating_gdx_files\c
                                          sv2gdx_converter.gms
     2        6 CALL           1       6  csv2gdx CONVOLDqctn.csv id=d index=1..
                                          5 values=lastCol useHeader=y trace=0
     3        7 GDXIN          1       7  C:\Users\CMARCY\Documents\ReEDS_plantf
                                          ile\needs_project\creating_gdx_files\C
                                          ONVOLDqctn.gdx
     4       10 CALL           1      10  csv2gdx import_store_power_cap_at_grid
                                          .csv id=d index=1..2 values=lastCol us
                                          eHeader=y trace=0
     5       11 GDXIN          1      11  C:\Users\CMARCY\Documents\ReEDS_plantf
                                          ile\needs_project\creating_gdx_files\i
                                          mport_store_power_cap_at_grid.gdx
     6       14 CALL           1      14  csv2gdx PrescriptiveBuildsNonQn.csv id
                                          =d index=1..3 values=lastCol useHeader
                                          =y trace=0
     7       15 GDXIN          1      15  C:\Users\CMARCY\Documents\ReEDS_plantf
                                          ile\needs_project\creating_gdx_files\P
                                          rescriptiveBuildsNonQn.gdx
     8       18 CALL           1      18  csv2gdx PrescriptiveBuildsnqct.csv id=
                                          d index=1..6 values=lastCol useHeader=
                                          y trace=0
     9       19 GDXIN          1      19  C:\Users\CMARCY\Documents\ReEDS_plantf
                                          ile\needs_project\creating_gdx_files\P
                                          rescriptiveBuildsnqct.gdx
    10       22 CALL           1      22  csv2gdx PrescriptiveBuildsStorage.csv 
                                          id=d index=1..3 values=lastCol useHead
                                          er=y trace=0
    11       23 GDXIN          1      23  C:\Users\CMARCY\Documents\ReEDS_plantf
                                          ile\needs_project\creating_gdx_files\P
                                          rescriptiveBuildsStorage.gdx
    12       26 CALL           1      26  csv2gdx PrescriptiveBuildsWind.csv id=
                                          d index=1..3 values=lastCol useHeader=
                                          y trace=0
    13       27 GDXIN          1      27  C:\Users\CMARCY\Documents\ReEDS_plantf
                                          ile\needs_project\creating_gdx_files\P
                                          rescriptiveBuildsWind.gdx
    14       30 CALL           1      30  csv2gdx Nuke60RetireYear.csv id=d inde
                                          x=1..6 values=lastCol useHeader=y trac
                                          e=0
    15       31 GDXIN          1      31  C:\Users\CMARCY\Documents\ReEDS_plantf
                                          ile\needs_project\creating_gdx_files\N
                                          uke60RetireYear.gdx
    16       34 CALL           1      34  csv2gdx Nuke80RetireYear.csv id=d inde
                                          x=1..6 values=lastCol useHeader=y trac
                                          e=0
    17       35 GDXIN          1      35  C:\Users\CMARCY\Documents\ReEDS_plantf
                                          ile\needs_project\creating_gdx_files\N
                                          uke80RetireYear.gdx
    18       38 CALL           1      38  csv2gdx NukeRefRetireYear.csv id=d ind
                                          ex=1..6 values=lastCol useHeader=y tra
                                          ce=0
    19       39 GDXIN          1      39  C:\Users\CMARCY\Documents\ReEDS_plantf
                                          ile\needs_project\creating_gdx_files\N
                                          ukeRefRetireYear.gdx
    20       42 CALL           1      42  csv2gdx NukeEarlyRetireYear.csv id=d i
                                          ndex=1..6 values=lastCol useHeader=y t
                                          race=0
    21       43 GDXIN          1      43  C:\Users\CMARCY\Documents\ReEDS_plantf
                                          ile\needs_project\creating_gdx_files\N
                                          ukeEarlyRetireYear.gdx
    22       46 CALL           1      46  csv2gdx PrescriptiveRet.csv id=d index
                                          =1..6 values=lastCol useHeader=y trace
                                          =0
    23       47 GDXIN          1      47  C:\Users\CMARCY\Documents\ReEDS_plantf
                                          ile\needs_project\creating_gdx_files\P
                                          rescriptiveRet.gdx
    24       50 CALL           1      50  csv2gdx WindRetireExisting.csv id=d in
                                          dex=1..3 values=lastCol useHeader=y tr
                                          ace=0
    25       51 GDXIN          1      51  C:\Users\CMARCY\Documents\ReEDS_plantf
                                          ile\needs_project\creating_gdx_files\W
                                          indRetireExisting.gdx
    26       54 CALL           1      54  csv2gdx WindRetirePrescribed.csv id=d 
                                          index=1..3 values=lastCol useHeader=y 
                                          trace=0
    27       55 GDXIN          1      55  C:\Users\CMARCY\Documents\ReEDS_plantf
                                          ile\needs_project\creating_gdx_files\W
                                          indRetirePrescribed.gdx
    28       58 CALL           1      58  csv2gdx tmpCSPOct.csv id=d index=1..3 
                                          values=lastCol useHeader=y trace=0
    29       59 GDXIN          1      59  C:\Users\CMARCY\Documents\ReEDS_plantf
                                          ile\needs_project\creating_gdx_files\t
                                          mpCSPOct.gdx
    30       62 CALL           1      62  csv2gdx tmpDUPVOn.csv id=d index=1 val
                                          ues=lastCol useHeader=y trace=0
    31       63 GDXIN          1      63  C:\Users\CMARCY\Documents\ReEDS_plantf
                                          ile\needs_project\creating_gdx_files\t
                                          mpDUPVOn.gdx
    32       66 CALL           1      66  csv2gdx tmpUPVOn.csv id=d index=1 valu
                                          es=lastCol useHeader=y trace=0
    33       67 GDXIN          1      67  C:\Users\CMARCY\Documents\ReEDS_plantf
                                          ile\needs_project\creating_gdx_files\t
                                          mpUPVOn.gdx
    34       70 CALL           1      70  csv2gdx tmpWTOi.csv id=d index=1 value
                                          s=lastCol useHeader=y trace=0
    35       71 GDXIN          1      71  C:\Users\CMARCY\Documents\ReEDS_plantf
                                          ile\needs_project\creating_gdx_files\t
                                          mpWTOi.gdx


COMPILATION TIME     =        6.907 SECONDS      4 MB  24.9.2 r64480 WEX-WEI
GAMS 24.9.2  r64480 Released Nov 14, 2017 WEX-WEI x86 64bit/MS Windows 08/07/20 11:02:25 Page 3
G e n e r a l   A l g e b r a i c   M o d e l i n g   S y s t e m
E x e c u t i o n


EXECUTION TIME       =        0.015 SECONDS      4 MB  24.9.2 r64480 WEX-WEI


USER: Large MUD - 20 User License                    G170913:1610CS-WIN
      US Environmental Protection Agency, CGE Modeling Group 003DC13550


**** FILE SUMMARY

Input      C:\Users\CMARCY\Documents\ReEDS_plantfile\needs_project\creating_gdx_
           files\csv2gdx_converter.gms
Output     C:\Users\CMARCY\Documents\ReEDS_plantfile\needs_project\creating_gdx_
           files\csv2gdx_converter.lst
